device cuda
=== seed 42 ===
  base: agg 10.27 | intense 38.57 | t+6 intense 44.64
  cme: agg 11.10 | intense 43.10 | t+6 intense 51.00
=== seed 1 ===
  base: agg 10.13 | intense 37.11 | t+6 intense 42.87
  cme: agg 11.09 | intense 44.14 | t+6 intense 48.82
=== seed 7 ===
  base: agg 10.93 | intense 40.93 | t+6 intense 46.42
  cme: agg 10.88 | intense 40.06 | t+6 intense 47.51
=== seed 123 ===
  base: agg 10.76 | intense 39.56 | t+6 intense 46.74
  cme: agg 10.63 | intense 38.12 | t+6 intense 46.70
=== seed 2024 ===
  base: agg 10.57 | intense 40.36 | t+6 intense 46.19
  cme: agg 11.10 | intense 43.39 | t+6 intense 49.70
Traceback (most recent call last):
  File "C:\Users\Mudit Garg\Desktop\solar\_ab_train_cme.py", line 99, in <module>
    print('\n=== PAIRED \u0394 (base - cme); +ve = cme better ===')
  File "C:\Anaconda\envs\dnn\Lib\encodings\cp1252.py", line 19, in encode
    return codecs.charmap_encode(input,self.errors,encoding_table)[0]
           ^^^^^^^^^^^^^^^^^^^^^^^^^^^^^^^^^^^^^^^^^^^^^^^^^^^^^^^
UnicodeEncodeError: 'charmap' codec can't encode character '\u0394' in position 13: character maps to <undefined>
